###############################################################################
#
# IAR ELF Linker V9.32.1.338/W64 for ARM                  09/Dec/2023  03:54:06
# Copyright 2007-2022 IAR Systems AB.
#
#    Output file  =
#        C:\My Stuff\College\Semester
#        9\AUTOSAR\ws\DIO_QUIZ_MOLLY\Debug\Exe\main.out
#    Map file     =
#        C:\My Stuff\College\Semester
#        9\AUTOSAR\ws\DIO_QUIZ_MOLLY\Debug\List\main.map
#    Command line =
#        -f "C:\My Stuff\College\Semester
#        9\AUTOSAR\ws\DIO_QUIZ_MOLLY\Debug\Exe\main.out.rsp" ("C:\My
#        Stuff\College\Semester 9\AUTOSAR\ws\DIO_QUIZ_MOLLY\Debug\Obj\DIO.o"
#        "C:\My Stuff\College\Semester
#        9\AUTOSAR\ws\DIO_QUIZ_MOLLY\Debug\Obj\DIO_cfg.o" "C:\My
#        Stuff\College\Semester 9\AUTOSAR\ws\DIO_QUIZ_MOLLY\Debug\Obj\main.o"
#        "C:\My Stuff\College\Semester
#        9\AUTOSAR\ws\DIO_QUIZ_MOLLY\Debug\Obj\PORT.o" "C:\My
#        Stuff\College\Semester
#        9\AUTOSAR\ws\DIO_QUIZ_MOLLY\Debug\Obj\startup_ewarm.o"
#        --no_out_extension -o "C:\My Stuff\College\Semester
#        9\AUTOSAR\ws\DIO_QUIZ_MOLLY\Debug\Exe\main.out" --redirect
#        _Printf=_PrintfFullNoMb --redirect _Scanf=_ScanfFullNoMb --map "C:\My
#        Stuff\College\Semester
#        9\AUTOSAR\ws\DIO_QUIZ_MOLLY\Debug\List\main.map" --config "C:\Program
#        Files\IAR Systems\Embedded Workbench
#        9.1\arm/config/linker/TexasInstruments/TM4C123GH6.icf" --semihosting
#        --entry __iar_program_start --vfe --text_out locale --cpu=Cortex-M4
#        --fpu=None)
#
###############################################################################

*******************************************************************************
*** RUNTIME MODEL ATTRIBUTES
***

CppFlavor       = *
__CPP_Runtime   = 1
__SystemLibrary = DLib
__dlib_version  = 6


*******************************************************************************
*** HEAP SELECTION
***

The basic heap was selected because --advanced_heap
was not specified and the application did not appear to
be primarily optimized for speed.


*******************************************************************************
*** PLACEMENT SUMMARY
***

"A0":  place at address 0x0 { ro section .intvec };
"P1":  place in [from 0x0 to 0x3'ffff] { ro };
define block CSTACK with size = 4K, alignment = 8 { };
define block HEAP with size = 8K, alignment = 8 { };
"P2":  place in [from 0x2000'0000 to 0x2000'7fff] {
          rw, block CSTACK, block HEAP };
do not initialize { rw section .noinit };
initialize by copy { rw };

  Section            Kind         Address   Size  Object
  -------            ----         -------   ----  ------
"A0":                                      0x26c
  .intvec            const            0x0  0x26c  startup_ewarm.o [1]
                                  - 0x26c  0x26c

"P1":                                      0x33c
  .text              ro code        0x26c  0x170  DIO.o [1]
  .text              ro code        0x3dc   0x72  main.o [1]
  .text              ro code        0x44e   0x2a  copy_init3.o [3]
  .text              ro code        0x478   0x64  PORT.o [1]
  .text              ro code        0x4dc   0x28  data_init.o [3]
  .iar.init_table    const          0x504   0x14  - Linker created -
  .text              ro code        0x518   0x1e  startup_ewarm.o [1]
  .text              ro code        0x536    0x2  vectortrap_M.o [3]
  .text              ro code        0x538   0x1c  cstartup_M.o [3]
  .text              ro code        0x554   0x1e  cmain.o [3]
  .text              ro code        0x572    0x4  low_level_init.o [2]
  .text              ro code        0x576    0x4  exit.o [2]
  .text              ro code        0x57c    0xa  cexit.o [3]
  .text              ro code        0x588   0x14  exit.o [4]
  Initializer bytes  const          0x59c    0xc  <for P2-1>
  .rodata            const          0x5a8    0x0  copy_init3.o [3]
                                  - 0x5a8  0x33c

"P2", part 1 of 2:                           0xc
  P2-1                        0x2000'0000    0xc  <Init block>
    .data            inited   0x2000'0000    0xc  DIO_cfg.o [1]
                            - 0x2000'000c    0xc

"P2", part 2 of 2:                         0x200
  .noinit            uninit   0x2000'000c  0x200  startup_ewarm.o [1]
                            - 0x2000'020c  0x200

Unused ranges:

         From           To      Size
         ----           --      ----
        0x5a8     0x3'ffff  0x3'fa58
  0x2000'020c  0x2000'7fff    0x7df4


*******************************************************************************
*** INIT TABLE
***

          Address      Size
          -------      ----
Copy (__iar_copy_init3)
    1 source range, total size 0xc:
                0x59c   0xc
    1 destination range, total size 0xc:
          0x2000'0000   0xc



*******************************************************************************
*** MODULE SUMMARY
***

    Module            ro code  ro data  rw data
    ------            -------  -------  -------
command line/config:
    -------------------------------------------
    Total:

C:\My Stuff\College\Semester 9\AUTOSAR\ws\DIO_QUIZ_MOLLY\Debug\Obj: [1]
    DIO.o                 368
    DIO_cfg.o                       12       12
    PORT.o                100
    main.o                114
    startup_ewarm.o        30      620      512
    -------------------------------------------
    Total:                612      632      524

dl7M_tln.a: [2]
    exit.o                  4
    low_level_init.o        4
    -------------------------------------------
    Total:                  8

rt7M_tl.a: [3]
    cexit.o                10
    cmain.o                30
    copy_init3.o           42
    cstartup_M.o           28
    data_init.o            40
    vectortrap_M.o          2
    -------------------------------------------
    Total:                152

shb_l.a: [4]
    exit.o                 20
    -------------------------------------------
    Total:                 20

    Gaps                    4
    Linker created                  20
-----------------------------------------------
    Grand Total:          796      652      524


*******************************************************************************
*** ENTRY LIST
***

Entry                       Address   Size  Type      Object
-----                       -------   ----  ----      ------
.iar.init_table$$Base         0x504          --   Gb  - Linker created -
.iar.init_table$$Limit        0x518          --   Gb  - Linker created -
?main                         0x555         Code  Gb  cmain.o [3]
BusFault_Handler              0x537         Code  Wk  vectortrap_M.o [3]
DebugMon_Handler              0x537         Code  Wk  vectortrap_M.o [3]
Dio_ReadChannel               0x26d   0xfc  Code  Gb  DIO.o [1]
Dio_WritePort                 0x369   0x58  Code  Gb  DIO.o [1]
FaultISR                      0x533    0x2  Code  Lc  startup_ewarm.o [1]
HardFault_Handler             0x537         Code  Wk  vectortrap_M.o [3]
IntDefaultHandler             0x535    0x2  Code  Lc  startup_ewarm.o [1]
MemManage_Handler             0x537         Code  Wk  vectortrap_M.o [3]
NMI_Handler                   0x537         Code  Wk  vectortrap_M.o [3]
NmiSR                         0x531    0x2  Code  Lc  startup_ewarm.o [1]
PORT_init                     0x479   0x64  Code  Gb  PORT.o [1]
PendSV_Handler                0x537         Code  Wk  vectortrap_M.o [3]
Region$$Table$$Base           0x504          --   Gb  - Linker created -
Region$$Table$$Limit          0x518          --   Gb  - Linker created -
ResetISR                      0x519   0x12  Code  Gb  startup_ewarm.o [1]
SVC_Handler                   0x537         Code  Wk  vectortrap_M.o [3]
SysTick_Handler               0x537         Code  Wk  vectortrap_M.o [3]
UsageFault_Handler            0x537         Code  Wk  vectortrap_M.o [3]
__cmain                       0x555         Code  Gb  cmain.o [3]
__exit                        0x589   0x14  Code  Gb  exit.o [4]
__iar_copy_init3              0x44f   0x2a  Code  Gb  copy_init3.o [3]
__iar_data_init3              0x4dd   0x28  Code  Gb  data_init.o [3]
__iar_program_start           0x539         Code  Gb  cstartup_M.o [3]
__low_level_init              0x573    0x4  Code  Gb  low_level_init.o [2]
__vector_table                  0x0  0x26c  Data  Gb  startup_ewarm.o [1]
_call_main                    0x561         Code  Gb  cmain.o [3]
_exit                         0x57d         Code  Gb  cexit.o [3]
config                  0x2000'0000    0xc  Data  Gb  DIO_cfg.o [1]
exit                          0x577    0x4  Code  Gb  exit.o [2]
main                          0x3dd   0x72  Code  Gb  main.o [1]
pui32Stack              0x2000'000c  0x200  Data  Lc  startup_ewarm.o [1]


[1] = C:\My Stuff\College\Semester 9\AUTOSAR\ws\DIO_QUIZ_MOLLY\Debug\Obj
[2] = dl7M_tln.a
[3] = rt7M_tl.a
[4] = shb_l.a

  796 bytes of readonly  code memory
  652 bytes of readonly  data memory
  524 bytes of readwrite data memory

Errors: none
Warnings: none
